[creativegigs.net/html/gullu/index.html]
[backblue.gif]
[fade.gif]
[index.html]
[creativegigs.net/html/gullu/images/fav-icon/icon.png]
[creativegigs.net/html/gullu/images/logo/logo.png]
[creativegigs.net/html/gullu/index-2.html]
[creativegigs.net/html/gullu/index-3.html]
[creativegigs.net/html/gullu/index-video.html]
[creativegigs.net/html/gullu/blog-v1.html]
[creativegigs.net/html/gullu/blog-v2.html]
[creativegigs.net/html/gullu/blog-v4.html]
[creativegigs.net/html/gullu/blog-v3.html]
[creativegigs.net/html/gullu/blog-details.html]
[creativegigs.net/html/gullu/blog-details-sidebar.html]
[creativegigs.net/html/gullu/shop.html]
[creativegigs.net/html/gullu/shop-details.html]
[creativegigs.net/html/gullu/about-us.html]
[creativegigs.net/html/gullu/team-v1.html]
[creativegigs.net/html/gullu/team-v2.html]
[creativegigs.net/html/gullu/service-v1.html]
[creativegigs.net/html/gullu/service-v2.html]
[creativegigs.net/html/gullu/service-details.html]
[creativegigs.net/html/gullu/portfolio-v1.html]
[creativegigs.net/html/gullu/portfolio-v2.html]
[creativegigs.net/html/gullu/portfolio-v3.html]
[creativegigs.net/html/gullu/portfolio-v4.html]
[creativegigs.net/html/gullu/portfolio-details.html]
[creativegigs.net/html/gullu/portfolio-details-v2.html]
[creativegigs.net/html/gullu/contact.html]
[creativegigs.net/html/gullu/course-2-column.1d.delayed]
[creativegigs.net/html/gullu/images/home/1.jpg]
[creativegigs.net/html/gullu/images/home/2.jpg]
[creativegigs.net/html/gullu/images/home/sign.png]
[creativegigs.net/html/gullu/images/portfolio/1.jpg]
[creativegigs.net/html/gullu/images/portfolio/2.jpg]
[creativegigs.net/html/gullu/images/portfolio/3.jpg]
[creativegigs.net/html/gullu/images/portfolio/4.jpg]
[creativegigs.net/html/gullu/images/home/shape-2.png]
[creativegigs.net/html/gullu/images/home/5.jpg]
[creativegigs.net/html/gullu/images/home/3.jpg]
[creativegigs.net/html/gullu/images/home/4.jpg]
[creativegigs.net/html/gullu/images/home/6.jpg]
[creativegigs.net/html/gullu/images/home/7.jpg]
[creativegigs.net/html/gullu/images/home/8.jpg]
[creativegigs.net/html/gullu/images/home/9.jpg]
[creativegigs.net/html/gullu/vendor/jquery.2.2.3.min.js]
[creativegigs.net/html/gullu/vendor/bootstrap-select/dist/js/bootstrap-select.js]
[creativegigs.net/html/gullu/vendor/bootstrap/bootstrap.min.js]
[creativegigs.net/html/gullu/vendor/Camera-master/scripts/jquery.mobile.customized.min.js]
[creativegigs.net/html/gullu/vendor/Camera-master/scripts/jquery.easing.1.3.js]
[creativegigs.net/html/gullu/vendor/Camera-master/scripts/camera.min.js]
[creativegigs.net/html/gullu/vendor/bootstrap-mega-menu/js/menu.js]
[creativegigs.net/html/gullu/vendor/WOW-master/dist/wow.min.js]
[creativegigs.net/html/gullu/vendor/owl-carousel/owl.carousel.min.js]
[creativegigs.net/html/gullu/vendor/jquery.appear.js]
[creativegigs.net/html/gullu/vendor/jquery.countTo.js]
[creativegigs.net/html/gullu/vendor/fancybox/dist/jquery.fancybox.min.js]
[creativegigs.net/html/gullu/js/theme.js]
[creativegigs.net/html/gullu/index.html]
[creativegigs.net/html/gullu/fonts/font-awesome/fonts/fontawesome-webfont.ttf]
[creativegigs.net/html/gullu/fonts/font-awesome/fonts/fontawesome-webfont.eot]
[creativegigs.net/html/gullu/fonts/font-awesome/fonts/fontawesome-webfont.woff2]
[creativegigs.net/html/gullu/fonts/font-awesome/fonts/fontawesome-webfont.woff]
[creativegigs.net/html/gullu/images/home/shape-1.png]
[creativegigs.net/html/gullu/images/home/10.jpg]
[creativegigs.net/html/gullu/images/home/shape-3.png]
[creativegigs.net/html/gullu/images/home/11.jpg]
[creativegigs.net/html/gullu/images/home/footer.png]
[creativegigs.net/html/gullu/images/home/footer2.jpg]
[creativegigs.net/html/gullu/images/home/13.jpg]
[creativegigs.net/html/gullu/images/inner-page/banner.jpg]
[creativegigs.net/html/gullu/css/style.css]
[creativegigs.net/html/gullu/css/responsive.css]
[creativegigs.net/html/gullu/images/logo/logo2.png]
[creativegigs.net/html/gullu/images/home/slide-2.jpg]
[creativegigs.net/html/gullu/images/home/slide-3.jpg]
[creativegigs.net/html/gullu/index-2.html]
[creativegigs.net/html/gullu/images/logo/logo3.png]
[creativegigs.net/html/gullu/images/home/slide-4.jpg]
[creativegigs.net/html/gullu/images/home/slide-5.jpg]
[creativegigs.net/html/gullu/images/home/12.jpg]
[creativegigs.net/html/gullu/images/home/chart.png]
[creativegigs.net/html/gullu/images/home/14.jpg]
[creativegigs.net/html/gullu/images/home/15.jpg]
[creativegigs.net/html/gullu/images/home/16.jpg]
[creativegigs.net/html/gullu/images/logo/p-1.png]
[creativegigs.net/html/gullu/images/logo/p-2.png]
[creativegigs.net/html/gullu/images/logo/p-3.png]
[creativegigs.net/html/gullu/images/logo/p-4.png]
[creativegigs.net/html/gullu/index-3.html]
[creativegigs.net/html/gullu/vendor/Vide-master/jquery.vide.js]
[creativegigs.net/html/gullu/index-video.html]
[creativegigs.net/html/gullu/images/logo/logo4.png]
[creativegigs.net/html/gullu/images/blog/1.jpg]
[creativegigs.net/html/gullu/images/blog/4.jpg]
[creativegigs.net/html/gullu/images/blog/6.jpg]
[creativegigs.net/html/gullu/images/blog/2.jpg]
[creativegigs.net/html/gullu/images/blog/7.jpg]
[creativegigs.net/html/gullu/images/blog/5.jpg]
[creativegigs.net/html/gullu/images/blog/3.jpg]
[creativegigs.net/html/gullu/images/blog/8.jpg]
[creativegigs.net/html/gullu/vendor/jquery.ripples-master/dist/jquery.ripples-min.js]
[creativegigs.net/html/gullu/vendor/masonry.pkgd.min.js]
[creativegigs.net/html/gullu/blog-v1.html]
[creativegigs.net/html/gullu/images/blog/9.jpg]
[creativegigs.net/html/gullu/images/blog/10.jpg]
[creativegigs.net/html/gullu/images/blog/11.jpg]
[creativegigs.net/html/gullu/images/blog/12.jpg]
[creativegigs.net/html/gullu/images/blog/13.jpg]
[creativegigs.net/html/gullu/images/blog/14.jpg]
[creativegigs.net/html/gullu/images/blog/15.jpg]
[creativegigs.net/html/gullu/images/blog/16.jpg]
[creativegigs.net/html/gullu/blog-v2.html]
[creativegigs.net/html/gullu/images/blog/17.jpg]
[creativegigs.net/html/gullu/images/blog/18.jpg]
[creativegigs.net/html/gullu/images/blog/19.jpg]
[creativegigs.net/html/gullu/blog-v4.html]
[creativegigs.net/html/gullu/blog-v3.html]
[creativegigs.net/html/gullu/images/blog/20.jpg]
[creativegigs.net/html/gullu/images/blog/21.jpg]
[creativegigs.net/html/gullu/blog-details.html]
[creativegigs.net/html/gullu/blog-details-sidebar.html]
[creativegigs.net/html/gullu/images/shop/4.jpg]
[creativegigs.net/html/gullu/images/shop/5.jpg]
[creativegigs.net/html/gullu/images/shop/6.jpg]
[creativegigs.net/html/gullu/images/shop/7.jpg]
[creativegigs.net/html/gullu/images/shop/8.jpg]
[creativegigs.net/html/gullu/images/shop/9.jpg]
[creativegigs.net/html/gullu/images/shop/10.jpg]
[creativegigs.net/html/gullu/images/shop/11.jpg]
[creativegigs.net/html/gullu/images/shop/12.jpg]
[creativegigs.net/html/gullu/images/shop/1.jpg]
[creativegigs.net/html/gullu/images/shop/2.jpg]
[creativegigs.net/html/gullu/images/shop/3.jpg]
[creativegigs.net/html/gullu/vendor/jquery-ui/jquery-ui.min.js]
[creativegigs.net/html/gullu/shop.html]
[creativegigs.net/html/gullu/images/shop/13.jpg]
[creativegigs.net/html/gullu/images/shop/14.jpg]
[creativegigs.net/html/gullu/images/shop/15.jpg]
[creativegigs.net/html/gullu/images/shop/13s.jpg]
[creativegigs.net/html/gullu/images/shop/14s.jpg]
[creativegigs.net/html/gullu/images/shop/15s.jpg]
[creativegigs.net/html/gullu/shop-details.html]
[creativegigs.net/html/gullu/images/inner-page/1.jpg]
[creativegigs.net/html/gullu/images/team/1.jpg]
[creativegigs.net/html/gullu/images/team/2.jpg]
[creativegigs.net/html/gullu/images/team/3.jpg]
[creativegigs.net/html/gullu/images/logo/p-5.png]
[creativegigs.net/html/gullu/images/logo/p-6.png]
[creativegigs.net/html/gullu/images/logo/p-7.png]
[creativegigs.net/html/gullu/images/logo/p-8.png]
[creativegigs.net/html/gullu/images/logo/p-9.png]
[creativegigs.net/html/gullu/images/logo/p-10.png]
[creativegigs.net/html/gullu/about-us.html]
[creativegigs.net/html/gullu/images/team/4.jpg]
[creativegigs.net/html/gullu/images/team/5.jpg]
[creativegigs.net/html/gullu/images/team/6.jpg]
[creativegigs.net/html/gullu/vendor/jquery.mixitup.min.js]
[creativegigs.net/html/gullu/team-v1.html]
[creativegigs.net/html/gullu/team-v2.html]
[creativegigs.net/html/gullu/service-v1.html]
[creativegigs.net/html/gullu/images/inner-page/2.jpg]
[creativegigs.net/html/gullu/images/inner-page/3.jpg]
[creativegigs.net/html/gullu/images/inner-page/4.jpg]
[creativegigs.net/html/gullu/images/inner-page/5.jpg]
[creativegigs.net/html/gullu/service-v2.html]
[creativegigs.net/html/gullu/service-details.html]
[creativegigs.net/html/gullu/images/portfolio/5.jpg]
[creativegigs.net/html/gullu/images/portfolio/6.jpg]
[creativegigs.net/html/gullu/images/portfolio/7.jpg]
[creativegigs.net/html/gullu/images/portfolio/8.jpg]
[creativegigs.net/html/gullu/images/portfolio/9.jpg]
[creativegigs.net/html/gullu/images/portfolio/10.jpg]
[creativegigs.net/html/gullu/portfolio-v1.html]
[creativegigs.net/html/gullu/images/portfolio/11.jpg]
[creativegigs.net/html/gullu/images/portfolio/12.jpg]
[creativegigs.net/html/gullu/images/portfolio/13.jpg]
[creativegigs.net/html/gullu/images/portfolio/14.jpg]
[creativegigs.net/html/gullu/images/portfolio/15.jpg]
[creativegigs.net/html/gullu/images/portfolio/16.jpg]
[creativegigs.net/html/gullu/portfolio-v2.html]
[creativegigs.net/html/gullu/images/portfolio/17.jpg]
[creativegigs.net/html/gullu/images/portfolio/18.jpg]
[creativegigs.net/html/gullu/images/portfolio/19.jpg]
[creativegigs.net/html/gullu/images/portfolio/20.jpg]
[creativegigs.net/html/gullu/images/portfolio/21.jpg]
[creativegigs.net/html/gullu/images/portfolio/22.jpg]
[creativegigs.net/html/gullu/portfolio-v3.html]
[creativegigs.net/html/gullu/images/portfolio/24.jpg]
[creativegigs.net/html/gullu/images/portfolio/25.jpg]
[creativegigs.net/html/gullu/images/portfolio/26.jpg]
[creativegigs.net/html/gullu/images/portfolio/27.jpg]
[creativegigs.net/html/gullu/images/portfolio/28.jpg]
[creativegigs.net/html/gullu/images/portfolio/29.jpg]
[creativegigs.net/html/gullu/images/portfolio/30.jpg]
[creativegigs.net/html/gullu/portfolio-v4.html]
[creativegigs.net/html/gullu/images/portfolio/23.jpg]
[creativegigs.net/html/gullu/portfolio-details.html]
[creativegigs.net/html/gullu/vendor/jquery.fitvids.js]
[creativegigs.net/html/gullu/portfolio-details-v2.html]
[creativegigs.net/html/gullu/vendor/contact-form/validate.js]
[creativegigs.net/html/gullu/vendor/contact-form/jquery.form.js]
[creativegigs.net/html/gullu/vendor/gmaps.min.js]
[creativegigs.net/html/gullu/js/map-script.js]
[creativegigs.net/html/gullu/contact.html]
[creativegigs.net/html/gullu/course-2-column.html]
[creativegigs.net/html/gullu/vendor/fonts/glyphicons-halflings-regular.c1.delayed]
[creativegigs.net/html/gullu/vendor/fonts/glyphicons-halflings-regular.c2d41d.delayed]
[creativegigs.net/html/gullu/vendor/fonts/glyphicons-halflings-regular.c3.delayed]
[creativegigs.net/html/gullu/vendor/fonts/glyphicons-halflings-regular.c4.delayed]
[creativegigs.net/html/gullu/vendor/fonts/glyphicons-halflings-regular.c5.delayed]
[creativegigs.net/html/gullu/vendor/fonts/glyphicons-halflings-regular.c6.delayed]
[creativegigs.net/html/gullu/vendor/bootstrap/bootstrap.css]
[creativegigs.net/html/gullu/vendor/bootstrap-select/dist/css/bootstrap-select.css]
[creativegigs.net/html/gullu/vendor/Camera-master/images/blank.gif]
[creativegigs.net/html/gullu/vendor/Camera-master/images/camera-loader.gif]
[creativegigs.net/html/gullu/vendor/Camera-master/images/camera_skins.png]
[creativegigs.net/html/gullu/vendor/Camera-master/images/patterns/overlay1.ca.delayed]
[creativegigs.net/html/gullu/vendor/Camera-master/images/patterns/overlay2.cb.delayed]
[creativegigs.net/html/gullu/vendor/Camera-master/images/patterns/overlay3.cc.delayed]
[creativegigs.net/html/gullu/vendor/Camera-master/images/patterns/overlay4.cd.delayed]
[creativegigs.net/html/gullu/vendor/Camera-master/images/patterns/overlay5.ce.delayed]
[creativegigs.net/html/gullu/vendor/Camera-master/images/patterns/overlay6.cf.delayed]
[creativegigs.net/html/gullu/vendor/Camera-master/images/patterns/overlay7.d0.delayed]
[creativegigs.net/html/gullu/vendor/Camera-master/images/patterns/overlay8.d1.delayed]
[creativegigs.net/html/gullu/vendor/Camera-master/images/patterns/overlay9.d2.delayed]
[creativegigs.net/html/gullu/vendor/Camera-master/images/patterns/overlay10.d3.delayed]
[creativegigs.net/html/gullu/vendor/Camera-master/css/camera.css]
[creativegigs.net/html/gullu/vendor/bootstrap-mega-menu/css/menu.css]
[creativegigs.net/html/gullu/fonts/font-awesome/fonts/fontawesome-webfont914c.eot]
[creativegigs.net/html/gullu/fonts/font-awesome/fonts/fontawesome-webfontd41d.eot]
[creativegigs.net/html/gullu/fonts/font-awesome/fonts/fontawesome-webfont914c.woff2]
[creativegigs.net/html/gullu/fonts/font-awesome/fonts/fontawesome-webfont914c.woff]
[creativegigs.net/html/gullu/fonts/font-awesome/fonts/fontawesome-webfont914c.ttf]
[creativegigs.net/html/gullu/fonts/font-awesome/css/font-awesome.min.css]
[creativegigs.net/html/gullu/vendor/owl-carousel/owl.video.play.db.delayed]
[creativegigs.net/html/gullu/vendor/owl-carousel/owl.carousel.css]
[creativegigs.net/html/gullu/vendor/owl-carousel/owl.theme.css]
[creativegigs.net/html/gullu/vendor/WOW-master/css/libs/animate.css]
[creativegigs.net/html/gullu/vendor/hover.css]
[creativegigs.net/html/gullu/fonts/icon/font/Flaticon.eot]
[creativegigs.net/html/gullu/fonts/icon/font/Flaticond41d.eot]
[creativegigs.net/html/gullu/fonts/icon/font/Flaticon.woff]
[creativegigs.net/html/gullu/fonts/icon/font/Flaticon.ttf]
[creativegigs.net/html/gullu/fonts/icon/font/flaticon.css]
[creativegigs.net/html/gullu/vendor/fancybox/dist/jquery.fancybox.min.css]
[creativegigs.net/html/gullu/vendor/jquery-ui/images/ui-icons_444444_256x240.png]
[creativegigs.net/html/gullu/vendor/jquery-ui/images/ui-icons_777777_256x240.png]
[creativegigs.net/html/gullu/vendor/jquery-ui/images/ui-icons_555555_256x240.png]
[creativegigs.net/html/gullu/vendor/jquery-ui/images/ui-icons_ffffff_256x240.png]
[creativegigs.net/html/gullu/vendor/jquery-ui/images/ui-icons_777620_256x240.png]
[creativegigs.net/html/gullu/vendor/jquery-ui/images/ui-icons_cc0000_256x240.png]
[creativegigs.net/html/gullu/vendor/jquery-ui/jquery-ui.min.css]
[creativegigs.net/html/gullu/fonts/font-awesome/fonts/fontawesome-webfont.svg]
[creativegigs.net/html/gullu/svg/1.svg]
[creativegigs.net/html/gullu/svg/2.svg]
[creativegigs.net/html/gullu/vendor/fonts/glyphicons-halflings-regular.html]
[creativegigs.net/html/gullu/vendor/fonts/glyphicons-halflings-regulard41d.html]
[creativegigs.net/html/gullu/vendor/fonts/glyphicons-halflings-regular-2.html]
[creativegigs.net/html/gullu/vendor/fonts/glyphicons-halflings-regular-3.html]
[creativegigs.net/html/gullu/vendor/fonts/glyphicons-halflings-regular-4.html]
[creativegigs.net/html/gullu/vendor/fonts/glyphicons-halflings-regular-5.html]
[creativegigs.net/html/gullu/vendor/Camera-master/images/patterns/overlay1.html]
[creativegigs.net/html/gullu/vendor/Camera-master/images/patterns/overlay2.html]
[creativegigs.net/html/gullu/vendor/Camera-master/images/patterns/overlay3.html]
[creativegigs.net/html/gullu/vendor/Camera-master/images/patterns/overlay4.html]
[creativegigs.net/html/gullu/vendor/Camera-master/images/patterns/overlay5.html]
[creativegigs.net/html/gullu/vendor/Camera-master/images/patterns/overlay6.html]
[creativegigs.net/html/gullu/vendor/Camera-master/images/patterns/overlay7.html]
[creativegigs.net/html/gullu/vendor/Camera-master/images/patterns/overlay8.html]
[creativegigs.net/html/gullu/vendor/Camera-master/images/patterns/overlay9.html]
[creativegigs.net/html/gullu/vendor/Camera-master/images/patterns/overlay10.html]
[creativegigs.net/html/gullu/vendor/bootstrap-mega-menu/css/animate.css]
[creativegigs.net/html/gullu/fonts/font-awesome/fonts/fontawesome-webfont914c.svg]
[creativegigs.net/html/gullu/vendor/owl-carousel/owl.video.play.html]
[creativegigs.net/html/gullu/fonts/icon/font/Flaticon.svg]
